AIHarness: starting (pairs=10 seed=1788875395)
AIHarness: bootstrap...
loaded messages
Data/messages.dat
AIHarness: WARNING message load failed (NoMethodError: undefined method `keys' for nil:NilClass) — names blank
AIHarness: loading test environment...
AIHarness: test environment loaded
AIHarness: decision logging attached (INTERNAL+DEBUG on)
Gauntlet: 60 battles, doubles audit schedule (normal_portable), 6v6, teams=doubles_a, portable 0.8.0 {"protect_spread_combo"=>false, "doubles_outcomes"=>true, "opponent_utility"=>false, "fakeout_timeline"=>false, "doubles_adversarial"=>true, "doubles_search"=>false, "partner_support_combo"=>false, "redirect_setup_combo"=>false, "fakeout_speed_combo"=>false}
  [1/60] double_offense_vs_balance normal_portable seed=104729 -> win (9 turns)
  [2/60] double_offense_vs_balance normal_portable seed=130363 -> win (11 turns)
  [3/60] double_offense_vs_balance normal_portable seed=155921 -> win (11 turns)
  [4/60] double_offense_vs_balance normal_portable seed=196613 -> win (10 turns)
  [5/60] double_offense_vs_balance normal_portable seed=262147 -> win (13 turns)
  [6/60] double_offense_vs_speed normal_portable seed=104729 -> loss (11 turns)
  [7/60] double_offense_vs_speed normal_portable seed=130363 -> win (10 turns)
  [8/60] double_offense_vs_speed normal_portable seed=155921 -> win (11 turns)
  [9/60] double_offense_vs_speed normal_portable seed=196613 -> win (9 turns)
  [10/60] double_offense_vs_speed normal_portable seed=262147 -> win (8 turns)
  [11/60] double_offense_vs_bulky normal_portable seed=104729 -> loss (11 turns)
  [12/60] double_offense_vs_bulky normal_portable seed=130363 -> loss (11 turns)
  [13/60] double_offense_vs_bulky normal_portable seed=155921 -> loss (19 turns)
  [14/60] double_offense_vs_bulky normal_portable seed=196613 -> loss (21 turns)
  [15/60] double_offense_vs_bulky normal_portable seed=262147 -> loss (28 turns)
  [16/60] double_balance_vs_offense normal_portable seed=104729 -> win (11 turns)
  [17/60] double_balance_vs_offense normal_portable seed=130363 -> win (7 turns)
  [18/60] double_balance_vs_offense normal_portable seed=155921 -> win (14 turns)
  [19/60] double_balance_vs_offense normal_portable seed=196613 -> win (10 turns)
  [20/60] double_balance_vs_offense normal_portable seed=262147 -> win (10 turns)
  [21/60] double_balance_vs_speed normal_portable seed=104729 -> win (6 turns)
  [22/60] double_balance_vs_speed normal_portable seed=130363 -> loss (10 turns)
  [23/60] double_balance_vs_speed normal_portable seed=155921 -> win (8 turns)
  [24/60] double_balance_vs_speed normal_portable seed=196613 -> loss (9 turns)
  [25/60] double_balance_vs_speed normal_portable seed=262147 -> win (5 turns)
  [26/60] double_balance_vs_bulky normal_portable seed=104729 -> loss (11 turns)
  [27/60] double_balance_vs_bulky normal_portable seed=130363 -> win (13 turns)
  [28/60] double_balance_vs_bulky normal_portable seed=155921 -> loss (9 turns)
  [29/60] double_balance_vs_bulky normal_portable seed=196613 -> loss (9 turns)
  [30/60] double_balance_vs_bulky normal_portable seed=262147 -> loss (8 turns)
  [31/60] double_speed_vs_offense normal_portable seed=104729 -> win (8 turns)
  [32/60] double_speed_vs_offense normal_portable seed=130363 -> win (13 turns)
  [33/60] double_speed_vs_offense normal_portable seed=155921 -> win (8 turns)
  [34/60] double_speed_vs_offense normal_portable seed=196613 -> win (9 turns)
  [35/60] double_speed_vs_offense normal_portable seed=262147 -> win (8 turns)
  [36/60] double_speed_vs_balance normal_portable seed=104729 -> loss (8 turns)
  [37/60] double_speed_vs_balance normal_portable seed=130363 -> loss (11 turns)
  [38/60] double_speed_vs_balance normal_portable seed=155921 -> loss (7 turns)
  [39/60] double_speed_vs_balance normal_portable seed=196613 -> loss (8 turns)
  [40/60] double_speed_vs_balance normal_portable seed=262147 -> loss (10 turns)
  [41/60] double_speed_vs_bulky normal_portable seed=104729 -> win (8 turns)
  [42/60] double_speed_vs_bulky normal_portable seed=130363 -> win (7 turns)
  [43/60] double_speed_vs_bulky normal_portable seed=155921 -> win (7 turns)
  [44/60] double_speed_vs_bulky normal_portable seed=196613 -> win (7 turns)
  [45/60] double_speed_vs_bulky normal_portable seed=262147 -> win (7 turns)
  [46/60] double_bulky_vs_offense normal_portable seed=104729 -> loss (15 turns)
  [47/60] double_bulky_vs_offense normal_portable seed=130363 -> win (24 turns)
  [48/60] double_bulky_vs_offense normal_portable seed=155921 -> win (13 turns)
  [49/60] double_bulky_vs_offense normal_portable seed=196613 -> win (14 turns)
  [50/60] double_bulky_vs_offense normal_portable seed=262147 -> loss (16 turns)
  [51/60] double_bulky_vs_balance normal_portable seed=104729 -> win (9 turns)
  [52/60] double_bulky_vs_balance normal_portable seed=130363 -> win (15 turns)
  [53/60] double_bulky_vs_balance normal_portable seed=155921 -> win (16 turns)
  [54/60] double_bulky_vs_balance normal_portable seed=196613 -> win (16 turns)
  [55/60] double_bulky_vs_balance normal_portable seed=262147 -> win (9 turns)
  [56/60] double_bulky_vs_speed normal_portable seed=104729 -> loss (11 turns)
  [57/60] double_bulky_vs_speed normal_portable seed=130363 -> win (9 turns)
  [58/60] double_bulky_vs_speed normal_portable seed=155921 -> loss (16 turns)
  [59/60] double_bulky_vs_speed normal_portable seed=196613 -> win (9 turns)
  [60/60] double_bulky_vs_speed normal_portable seed=262147 -> loss (11 turns)
normal_portable: wins=38 losses=22 draws=0 errors=0 win_rate=63.3 mean_turns=11.0
Gauntlet: wrote Data/ai_6v6_results.ndjson and Data/ai_6v6_summary.txt
